// Jest Snapshot v1, https://goo.gl/fbAQLP

exports[`fractionalMix applies the mix function only to the fractional part of input 1`] = `
[
  0,
  0.010000000000000002,
  0.04000000000000001,
  0.09000000000000002,
  0.16000000000000003,
  0.25,
  0.36,
  0.48999999999999994,
  0.6399999999999999,
  0.8099999999999998,
  0.9999999999999998,
  1.01,
  1.04,
  1.09,
  1.1600000000000001,
  1.2500000000000002,
  1.3600000000000003,
  1.4900000000000007,
  1.6400000000000008,
  1.810000000000001,
  2,
  2.0100000000000002,
  2.04,
  2.0900000000000003,
  2.1600000000000006,
  2.250000000000001,
  2.360000000000001,
  2.4900000000000015,
  2.640000000000002,
  2.8100000000000023,
]
`;

exports[`multiPointLerp interpolates between two consecutive values in multiple points 1`] = `
[
  1,
  2.9000000000000004,
  4.800000000000001,
  6.700000000000001,
  8.600000000000001,
  10.5,
  12.4,
  14.299999999999999,
  16.2,
  18.099999999999998,
  19.999999999999996,
  47.999999999999964,
  75.99999999999999,
  104.00000000000001,
  132.00000000000006,
  160.00000000000006,
  188.00000000000009,
  216.0000000000001,
  244.00000000000014,
  272.00000000000017,
  300.00000000000165,
  670.000000000002,
  1040.0000000000023,
  1410.0000000000027,
  1780.000000000003,
  2150.000000000003,
  2520.0000000000036,
  2890.000000000004,
  3260.000000000004,
  3630.0000000000045,
]
`;

exports[`multiPointLerp interpolates between two values 1`] = `
[
  1,
  1.8,
  2.6,
  3.4000000000000004,
  4.2,
  5,
  5.8,
  6.6,
  7.3999999999999995,
  8.2,
  9,
]
`;
